பதிப்பகம்தமிழ்
நிலையம்தமிழ்ச்செல்வி
நிலையம்தமிழ்ப்
பண்ணைதமிழ்ப்
புத்தகாலயம்நாவலகம்பப்ளிகேஷன்ஸ்பாரி
பண்ணைபுக்ஸ்
பிரைவேட்லிமிடெட்பொதிகை
அச்சகம்மங்கள
நூலகம்முத்துக்குமரன்
நிலையம்முன்னேற்றப்
பதிப்பகம்வள்ளுவர்
பதிப்பகம்வாசகர்
உள்ளுறைமுன்னுரைஉள்ளுறைதமிழில்
புதினங்கள்உசாத்துணைப்
பட்டியல்தமிழ்ப்
அகரவரிசைபுதினங்கள்
புதினங்கள்அறிவியல்
இலக்கியவகைகளைப்
மதபோதனைகள்
அறவழிகளைக்
நல்லவற்றையும்
காணஹென்றி
என்பார்மொழிவார்
வெற்றியடைவதற்காக
லிக்டென்பர்க்
ஹேஸ்லிட்
பார்ப்பதிலுமேயே
படிப்பதிலேயே
துன்புறுகிற
பெருந்தோற்றங்களோடு
பாழ்வெளியில்கூட
சாதாரணமானவனாக
எழுதியவனாகிறாய்
நிற்குமாற்றை
புகட்டுவதற்குக்
வலியுறுத்துவதில்லை
பெயர்ப்பாசிரியர்
திறமைசாலியின்
தவிர்த்திருப்பதாகவோ
முயற்சித்திருப்பதாகவோ
விரசமில்லாத
கதையிலக்கணங்களாகச்
யாவரும்இனிய
ஸமூகங்களின்
த்ரிகரணங்
பிரத்யக்ஷமாய்
பிம்பித்துக்
நடையைப்போன்றஎதுகை
மிக்கவர்க்கு
எளியநடையை
