இயற்பெயராயினும்
குறிக்கப்பட்டுள்ளவாறே
அடிகள்இந்நூலை
கத்தார்க்கும்
ஆஇன்பஏரிஎன்
ஸொகுழந்தைகள்
நாவல்பப்பா
வவிளக்கங்கள்அறிவுச்சுடர்
அருணோதயம்அறிவு
நிலையம்ஆசிரியர்
கழகம்ஆனந்த
பதிப்பகம்நேஷனல்
லிட்டரேசர்குழந்தைகள்
உலகம்சாகித்திய
அகாடமிசொசைட்டிசிறுவர்
பதிப்பகம்தமிழ்
நிலையம்தமிழ்ச்செல்வி
நிலையம்தமிழ்ப்
பண்ணைதமிழ்ப்
புத்தகாலயம்நாவலகம்பப்ளிகேஷன்ஸ்பாரி
பண்ணைபுக்ஸ்
பிரைவேட்லிமிடெட்பொதிகை
அச்சகம்மங்கள
நூலகம்முத்துக்குமரன்
நிலையம்முன்னேற்றப்
பதிப்பகம்வள்ளுவர்
பதிப்பகம்வாசகர்
உள்ளுறைமுன்னுரைஉள்ளுறைதமிழில்
புதினங்கள்உசாத்துணைப்
பட்டியல்தமிழ்ப்
அகரவரிசைபுதினங்கள்
புதினங்கள்அறிவியல்
இலக்கியவகைகளைப்
மதபோதனைகள்
அறவழிகளைக்
நல்லவற்றையும்
காணஹென்றி
என்பார்மொழிவார்
வெற்றியடைவதற்காக
லிக்டென்பர்க்
