துன்புறுகிற
பெருந்தோற்றங்களோடு
பாழ்வெளியில்கூட
சாதாரணமானவனாக
எழுதியவனாகிறாய்
நிற்குமாற்றை
புகட்டுவதற்குக்
வலியுறுத்துவதில்லை
பெயர்ப்பாசிரியர்
திறமைசாலியின்
தவிர்த்திருப்பதாகவோ
முயற்சித்திருப்பதாகவோ
விரசமில்லாத
கதையிலக்கணங்களாகச்
யாவரும்இனிய
ஸமூகங்களின்
த்ரிகரணங்
பிரத்யக்ஷமாய்
பிம்பித்துக்
நடையைப்போன்றஎதுகை
மிக்கவர்க்கு
எளியநடையை
விஸ்தாரத்துடன்
மனோதர்மத்தால்
மனோதர்பத்திற்கும்
தச்சுவாறு
நாவலெழுத
நாவலாசிரியனாக
சிறப்பியல்பாய்
விவரிப்பதன்று
வரலாற்றடிப்படையிலும்
நோக்கிலும்விளங்கிக்குன்றாதுஇதனைச்என்கொண்டு
காட்டுவதற்கேற்ற
