நம்மையாண்டு
லக்ஷணங்களைத்
நாட்டிற்கேற்றபடி
அநுஷ்டிப்பிக்க
விவகாரங்களிலிருப்போருக்கும்
யோகப்படும்படி
வெளிப்படுத்தினேனாதலாலும்
யன்போடேற்று
புரிவீர்களாக
எழுத்தாளருக்குமுள்ள
நாவலாசிரியர்களுக்குப்
மொழிபெயர்ப்புகளிலும்
உதவியுள்ளனவெனலாம்
பிறரெழுதிய
கிளம்புகிறவர்கள்
சிறப்புப்பெற்றனர்
மொழிபெயர்த்திருப்
மிஸரபிள்
மொழிபெயர்த்திருப்பதைக்
ரசனைக்கேற்றபடி
மொழிபெயர்த்ததோடன்றி
புதினங்களுக்கு
இரபிசிங்
மிகுதிப்படுத்திய
இவற்றுக்குண்டு
இத்துப்பறியும்
புற்றீசல்களைக்
பலப்பலவாய்
ண்மையை
அப்புதினங்களின்
வாய்ப்புண்டாகின்றது
