சிறுவர்க்கேற்ற
பார்த்தசாரதியிடத்தில்
சுஜாதாவுக்குரியது
மருந்துகளாலேயே
புதினத்துறையிலேயே
விளங்கியமைக்கு
விசாலாக்ஷியம்மாள்
கூறிச்செல்கின்றார்
உழக்கத்துக்கு
த்யாகுவின்
தியாகுவாக
த்யாகுவைப்
கங்காவிடமிருந்து
நெகிழ்ந்துதான்
படித்தின்புற
இம்மொழிபெயர்ப்புப்
வண்டாமரையாள்
விஷயங்களாலடைந்த
யச்சிலீட்டு
வெளிப்படுத்தியவருமாகிய
விரும்பியமையாலும்
படிப்போருக்கப்போது
புருஷார்த்
நம்மையாண்டு
லக்ஷணங்களைத்
நாட்டிற்கேற்றபடி
அநுஷ்டிப்பிக்க
விவகாரங்களிலிருப்போருக்கும்
யோகப்படும்படி
வெளிப்படுத்தினேனாதலாலும்
யன்போடேற்று
புரிவீர்களாக
எழுத்தாளருக்குமுள்ள
நாவலாசிரியர்களுக்குப்
